// Jest Snapshot v1, https://goo.gl/fbAQLP

exports[`Component de Transações do component principal Deve renderizar igual ao snapshot 1`] = `
<View
  style={
    Object {
      "paddingHorizontal": 15,
    }
  }
  testID="transacoes"
>
  <View
    style={
      Object {
        "backgroundColor": "rgb(62,160,63,0.3)",
        "marginTop": 10,
        "width": "90%",
      }
    }
    testID="transacao-1"
  >
    <Text>
      08/09/2022
    </Text>
    <Text>
      
    </Text>
    <Text>
      R$ 
      20.00
    </Text>
  </View>
</View>
`;
